#-----------------------------------------------------------
# Vivado v2019.1 (64-bit)
# SW Build 2552052 on Fri May 24 14:49:42 MDT 2019
# IP Build 2548770 on Fri May 24 18:01:18 MDT 2019
# Start of session at: Sun Nov  3 17:48:56 2024
# Process ID: 10900
# Current directory: D:/BKU/HK241/Logic_Design_Project/Draft
# Command line: vivado.exe -gui_launcher_event rodinguilauncherevent15452 D:\BKU\HK241\Logic_Design_Project\Draft\Draft.xpr
# Log file: D:/BKU/HK241/Logic_Design_Project/Draft/vivado.log
# Journal file: D:/BKU/HK241/Logic_Design_Project/Draft\vivado.jou
#-----------------------------------------------------------
start_gui
open_project D:/BKU/HK241/Logic_Design_Project/Draft/Draft.xpr
update_compile_order -fileset sources_1
reset_run synth_1
launch_runs synth_1 -jobs 16
wait_on_run synth_1
reset_run synth_1
launch_runs synth_1 -jobs 16
wait_on_run synth_1
launch_runs impl_1 -jobs 16
wait_on_run impl_1
open_run impl_1
reset_run synth_1
launch_runs synth_1 -jobs 16
wait_on_run synth_1
launch_runs impl_1 -jobs 16
wait_on_run impl_1
refresh_design
reset_run synth_1
launch_runs synth_1 -jobs 16
wait_on_run synth_1
launch_runs impl_1 -jobs 16
wait_on_run impl_1
reset_run synth_1
launch_runs synth_1 -jobs 16
wait_on_run synth_1
launch_runs impl_1 -jobs 16
wait_on_run impl_1
refresh_design
set_property target_constrs_file C:/Users/baobu/Downloads/digilent-xdc-master/digilent-xdc-master/Arty-Z7-20-Master.xdc [current_fileset -constrset]
reset_run synth_1
launch_runs synth_1 -jobs 16
wait_on_run synth_1
launch_runs impl_1 -jobs 16
wait_on_run impl_1
refresh_design
reset_run synth_1
launch_runs synth_1 -jobs 16
wait_on_run synth_1
launch_runs impl_1 -jobs 16
wait_on_run impl_1
reset_run synth_1
launch_runs synth_1 -jobs 16
wait_on_run synth_1
launch_runs impl_1 -jobs 16
wait_on_run impl_1
export_ip_user_files -of_objects  [get_files C:/Users/baobu/Downloads/digilent-xdc-master/digilent-xdc-master/Arty-Z7-20-Master.xdc] -no_script -reset -force -quiet
remove_files  -fileset constrs_1 C:/Users/baobu/Downloads/digilent-xdc-master/digilent-xdc-master/Arty-Z7-20-Master.xdc
add_files -fileset constrs_1 -norecurse D:/BKU/HK241/Logic_Design_Project/Arty-Z7-20-Master.xdc
reset_run synth_1
launch_runs synth_1 -jobs 16
wait_on_run synth_1
launch_runs impl_1 -jobs 16
wait_on_run impl_1
refresh_design
