#-----------------------------------------------------------
# Vivado v2019.1 (64-bit)
# SW Build 2552052 on Fri May 24 14:49:42 MDT 2019
# IP Build 2548770 on Fri May 24 18:01:18 MDT 2019
# Start of session at: Tue Nov  5 14:27:35 2024
# Process ID: 5392
# Current directory: D:/BKU/HK241/Logic_Design_Project/Draft
# Command line: vivado.exe -gui_launcher_event rodinguilauncherevent3468 D:\BKU\HK241\Logic_Design_Project\Draft\Draft.xpr
# Log file: D:/BKU/HK241/Logic_Design_Project/Draft/vivado.log
# Journal file: D:/BKU/HK241/Logic_Design_Project/Draft\vivado.jou
#-----------------------------------------------------------
start_gui
open_project D:/BKU/HK241/Logic_Design_Project/Draft/Draft.xpr
update_compile_order -fileset sources_1
reset_run synth_1
launch_runs synth_1 -jobs 16
wait_on_run synth_1
launch_runs impl_1 -jobs 16
wait_on_run impl_1
open_run synth_1 -name synth_1
reset_run synth_1
launch_runs synth_1 -jobs 16
wait_on_run synth_1
launch_runs impl_1 -jobs 16
wait_on_run impl_1
launch_runs impl_1 -to_step write_bitstream -jobs 16
wait_on_run impl_1
reset_run impl_1
launch_runs impl_1 -jobs 16
wait_on_run impl_1
reset_run impl_1
reset_run synth_1
launch_runs synth_1 -jobs 16
wait_on_run synth_1
close_design
open_run synth_1 -name synth_1
reset_run synth_1
launch_runs synth_1 -jobs 16
wait_on_run synth_1
reset_run synth_1
launch_runs synth_1 -jobs 16
wait_on_run synth_1
close_design
open_run synth_1 -name synth_1
reset_run synth_1
launch_runs synth_1 -jobs 16
wait_on_run synth_1
reset_run synth_1
launch_runs synth_1 -jobs 16
wait_on_run synth_1
launch_simulation
source frequency_tb.tcl
reset_run synth_1
launch_runs synth_1 -jobs 16
wait_on_run synth_1
close_design
open_run synth_1 -name synth_1
reset_run synth_1
launch_runs synth_1 -jobs 16
wait_on_run synth_1
reset_run synth_1
launch_runs synth_1 -jobs 16
wait_on_run synth_1
close_design
open_run synth_1 -name synth_1
# Disabling source management mode.  This is to allow the top design properties to be set without GUI intervention.
set_property source_mgmt_mode None [current_project]
set_property top EffectLed [current_fileset]
# Re-enabling previously disabled source management mode.
set_property source_mgmt_mode All [current_project]
update_compile_order -fileset sources_1
# Disabling source management mode.  This is to allow the top design properties to be set without GUI intervention.
set_property source_mgmt_mode None [current_project]
set_property top EffectLed_tb [get_filesets sim_1]
set_property top_lib xil_defaultlib [get_filesets sim_1]
# Re-enabling previously disabled source management mode.
set_property source_mgmt_mode All [current_project]
reset_run synth_1
update_compile_order -fileset sim_1
launch_runs synth_1 -jobs 16
wait_on_run synth_1
close_design
reset_run synth_1
launch_runs synth_1 -jobs 16
wait_on_run synth_1
open_run synth_1 -name synth_1
set_property board_part digilentinc.com:arty-z7-20:part0:1.1 [current_project]
close_design
open_run synth_1 -name synth_1
reset_run synth_1
launch_runs synth_1 -jobs 16
wait_on_run synth_1
reset_run synth_1
launch_runs synth_1 -jobs 16
wait_on_run synth_1
launch_runs impl_1 -jobs 16
wait_on_run impl_1
launch_simulation
launch_simulation
close_sim
